Archive member included to satisfy reference by file (symbol)

/home/tuananh/esp/example/hello_world/build/cxx/libcxx.a(cxx_guards.o)
                              (__cxa_guard_dummy)
/home/tuananh/esp/example/hello_world/build/cxx/libcxx.a(cxx_exception_stubs.o)
                              (__cxx_fatal_exception)
/home/tuananh/esp/example/hello_world/build/esp32/libesp32.a(panic.o)
                              /home/tuananh/esp/example/hello_world/build/cxx/libcxx.a(cxx_guards.o) (abort)
/home/tuananh/esp/example/hello_world/build/esp32/libesp32.a(cpu_start.o)
                              (call_start_cpu0)
/home/tuananh/esp/example/hello_world/build/esp32/libesp32.a(ipc.o)
                              /home/tuananh/esp/example/hello_world/build/esp32/libesp32.a(cpu_start.o) (esp_ipc_init)
/home/tuananh/esp/example/hello_world/build/esp32/libesp32.a(esp_err_to_name.o)
                              /home/tuananh/esp/example/hello_world/build/esp32/libesp32.a(panic.o) (esp_err_to_name)
/home/tuananh/esp/example/hello_world/build/esp32/libesp32.a(esp_timer.o)
                              /home/tuananh/esp/example/hello_world/build/esp32/libesp32.a(cpu_start.o) (esp_timer_init)
/home/tuananh/esp/example/hello_world/build/esp32/libesp32.a(dport_access.o)
                              /home/tuananh/esp/example/hello_world/build/esp32/libesp32.a(cpu_start.o) (esp_dport_access_stall_other_cpu_start)
/home/tuananh/esp/example/hello_world/build/esp32/libesp32.a(brownout.o)
                              /home/tuananh/esp/example/hello_world/build/esp32/libesp32.a(cpu_start.o) (esp_brownout_init)
/home/tuananh/esp/example/hello_world/build/esp32/libesp32.a(dport_panic_highint_hdl.o)
                              (ld_include_panic_highint_hdl)
/home/tuananh/esp/example/hello_world/build/esp32/libesp32.a(system_api.o)
                              /home/tuananh/esp/example/hello_world/build/esp32/libesp32.a(panic.o) (esp_restart_noos)
/home/tuananh/esp/example/hello_world/build/esp32/libesp32.a(task_wdt.o)
                              /home/tuananh/esp/example/hello_world/build/esp32/libesp32.a(cpu_start.o) (esp_task_wdt_init)
/home/tuananh/esp/example/hello_world/build/esp32/libesp32.a(dbg_stubs.o)
                              /home/tuananh/esp/example/hello_world/build/esp32/libesp32.a(cpu_start.o) (esp_dbg_stubs_init)
/home/tuananh/esp/example/hello_world/build/esp32/libesp32.a(int_wdt.o)
                              /home/tuananh/esp/example/hello_world/build/esp32/libesp32.a(dport_panic_highint_hdl.o) (int_wdt_app_cpu_ticked)
/home/tuananh/esp/example/hello_world/build/esp32/libesp32.a(cache_err_int.o)
                              /home/tuananh/esp/example/hello_world/build/esp32/libesp32.a(cpu_start.o) (esp_cache_err_int_init)
/home/tuananh/esp/example/hello_world/build/esp32/libesp32.a(esp_timer_esp32.o)
                              /home/tuananh/esp/example/hello_world/build/esp32/libesp32.a(esp_timer.o) (esp_timer_impl_get_time)
/home/tuananh/esp/example/hello_world/build/esp32/libesp32.a(clk.o)
                              /home/tuananh/esp/example/hello_world/build/esp32/libesp32.a(cpu_start.o) (esp_clk_init)
/home/tuananh/esp/example/hello_world/build/esp32/libesp32.a(freertos_hooks.o)
                              /home/tuananh/esp/example/hello_world/build/esp32/libesp32.a(task_wdt.o) (esp_register_freertos_idle_hook_for_cpu)
/home/tuananh/esp/example/hello_world/build/esp32/libesp32.a(crosscore_int.o)
                              /home/tuananh/esp/example/hello_world/build/esp32/libesp32.a(cpu_start.o) (esp_crosscore_int_init)
/home/tuananh/esp/example/hello_world/build/esp32/libesp32.a(intr_alloc.o)
                              /home/tuananh/esp/example/hello_world/build/esp32/libesp32.a(esp_timer_esp32.o) (esp_intr_enable)
/home/tuananh/esp/esp-idf/components/esp32/libhal.a(int_asm--set_intclear.o)
                              /home/tuananh/esp/example/hello_world/build/esp32/libesp32.a(intr_alloc.o) (xthal_set_intclear)
/home/tuananh/esp/example/hello_world/build/freertos/libfreertos.a(xtensa_intr.o)
                              /home/tuananh/esp/example/hello_world/build/esp32/libesp32.a(intr_alloc.o) (xt_unhandled_interrupt)
/home/tuananh/esp/example/hello_world/build/freertos/libfreertos.a(queue.o)
                              /home/tuananh/esp/example/hello_world/build/esp32/libesp32.a(ipc.o) (xQueueGenericCreate)
/home/tuananh/esp/example/hello_world/build/freertos/libfreertos.a(list.o)
                              /home/tuananh/esp/example/hello_world/build/freertos/libfreertos.a(queue.o) (vListInitialise)
/home/tuananh/esp/example/hello_world/build/freertos/libfreertos.a(port.o)
                              /home/tuananh/esp/example/hello_world/build/esp32/libesp32.a(cpu_start.o) (port_xSchedulerRunning)
/home/tuananh/esp/example/hello_world/build/freertos/libfreertos.a(tasks.o)
[...]
Memory Configuration

Name             Origin             Length             Attributes
iram0_0_seg      0x0000000040080000 0x0000000000020000 xr
iram0_2_seg      0x00000000400d0018 0x000000000032ffe8 xr
dram0_0_seg      0x000000003ffb0000 0x000000000002c200 rw
drom0_0_seg      0x000000003f400018 0x00000000003fffe8 r
rtc_iram_seg     0x00000000400c0000 0x0000000000002000 xrw
rtc_slow_seg     0x0000000050000000 0x0000000000001000 rw
*default*        0x0000000000000000 0xffffffffffffffff

Linker script and memory map

START GROUP
LOAD /home/tuananh/esp/example/hello_world/build/app_trace/libapp_trace.a
LOAD /home/tuananh/esp/example/hello_world/build/app_update/libapp_update.a
LOAD /home/tuananh/esp/example/hello_world/build/bootloader_support/libbootloader_support.a
LOAD /home/tuananh/esp/example/hello_world/build/bt/libbt.a
LOAD /home/tuananh/esp/example/hello_world/build/coap/libcoap.a
LOAD /home/tuananh/esp/example/hello_world/build/console/libconsole.a
LOAD /home/tuananh/esp/example/hello_world/build/cxx/libcxx.a
LOAD /home/tuananh/esp/example/hello_world/build/driver/libdriver.a
LOAD /home/tuananh/esp/example/hello_world/build/esp-tls/libesp-tls.a
LOAD /home/tuananh/esp/example/hello_world/build/esp32/libesp32.a
LOAD /home/tuananh/esp/esp-idf/components/esp32/libhal.a
LOAD /home/tuananh/esp/esp-idf/components/esp32/lib/libcore.a
LOAD /home/tuananh/esp/esp-idf/components/esp32/lib/librtc.a
LOAD /home/tuananh/esp/esp-idf/components/esp32/lib/libnet80211.a
LOAD /home/tuananh/esp/esp-idf/components/esp32/lib/libpp.a
LOAD /home/tuananh/esp/esp-idf/components/esp32/lib/libwpa.a
LOAD /home/tuananh/esp/esp-idf/components/esp32/lib/libsmartconfig.a
LOAD /home/tuananh/esp/esp-idf/components/esp32/lib/libcoexist.a
LOAD /home/tuananh/esp/esp-idf/components/esp32/lib/libwps.a
LOAD /home/tuananh/esp/esp-idf/components/esp32/lib/libwpa2.a
LOAD /home/tuananh/esp/esp-idf/components/esp32/lib/libespnow.a
LOAD /home/tuananh/esp/esp-idf/components/esp32/lib/libphy.a
LOAD /home/tuananh/esp/esp-idf/components/esp32/lib/libmesh.a
LOAD /home/tuananh/esp/example/hello_world/build/esp_adc_cal/libesp_adc_cal.a
LOAD /home/tuananh/esp/example/hello_world/build/esp_http_client/libesp_http_client.a
LOAD /home/tuananh/esp/example/hello_world/build/esp_https_ota/libesp_https_ota.a
LOAD /home/tuananh/esp/example/hello_world/build/ethernet/libethernet.a
LOAD /home/tuananh/esp/example/hello_world/build/expat/libexpat.a
LOAD /home/tuananh/esp/example/hello_world/build/fatfs/libfatfs.a
LOAD /home/tuananh/esp/example/hello_world/build/freertos/libfreertos.a
LOAD /home/tuananh/esp/example/hello_world/build/heap/libheap.a
LOAD /home/tuananh/esp/example/hello_world/build/idf_test/libidf_test.a
LOAD /home/tuananh/esp/example/hello_world/build/jsmn/libjsmn.a
LOAD /home/tuananh/esp/example/hello_world/build/json/libjson.a
LOAD /home/tuananh/esp/example/hello_world/build/libsodium/liblibsodium.a
LOAD /home/tuananh/esp/example/hello_world/build/log/liblog.a
LOAD /home/tuananh/esp/example/hello_world/build/lwip/liblwip.a
LOAD /home/tuananh/esp/example/hello_world/build/main/libmain.a
LOAD /home/tuananh/esp/example/hello_world/build/mbedtls/libmbedtls.a
LOAD /home/tuananh/esp/example/hello_world/build/mdns/libmdns.a
LOAD /home/tuananh/esp/example/hello_world/build/micro-ecc/libmicro-ecc.a
LOAD /home/tuananh/esp/esp-idf/components/newlib/lib/libc.a
LOAD /home/tuananh/esp/esp-idf/components/newlib/lib/libm.a
LOAD /home/tuananh/esp/example/hello_world/build/newlib/libnewlib.a
LOAD /home/tuananh/esp/example/hello_world/build/nghttp/libnghttp.a
LOAD /home/tuananh/esp/example/hello_world/build/nvs_flash/libnvs_flash.a
LOAD /home/tuananh/esp/example/hello_world/build/openssl/libopenssl.a
LOAD /home/tuananh/esp/example/hello_world/build/pthread/libpthread.a
LOAD /home/tuananh/esp/example/hello_world/build/sdmmc/libsdmmc.a
LOAD /home/tuananh/esp/example/hello_world/build/smartconfig_ack/libsmartconfig_ack.a
LOAD /home/tuananh/esp/example/hello_world/build/soc/libsoc.a
LOAD /home/tuananh/esp/example/hello_world/build/spi_flash/libspi_flash.a
LOAD /home/tuananh/esp/example/hello_world/build/spiffs/libspiffs.a
LOAD /home/tuananh/esp/example/hello_world/build/tcpip_adapter/libtcpip_adapter.a
LOAD /home/tuananh/esp/example/hello_world/build/ulp/libulp.a
LOAD /home/tuananh/esp/example/hello_world/build/vfs/libvfs.a
LOAD /home/tuananh/esp/example/hello_world/build/wear_levelling/libwear_levelling.a
LOAD /home/tuananh/esp/example/hello_world/build/wpa_supplicant/libwpa_supplicant.a
LOAD /home/tuananh/esp/example/hello_world/build/xtensa-debug-module/libxtensa-debug-module.a
LOAD /home/tuananh/esp/xtensa-esp32-elf/bin/../lib/gcc/xtensa-esp32-elf/5.2.0/libgcc.a
LOAD /home/tuananh/esp/xtensa-esp32-elf/bin/../lib/gcc/xtensa-esp32-elf/5.2.0/../../../../xtensa-esp32-elf/lib/libstdc++.a
LOAD /home/tuananh/esp/xtensa-esp32-elf/bin/../lib/gcc/xtensa-esp32-elf/5.2.0/libgcov.a
END GROUP
                0x0000000040000000                _heap_end = 0x40000000

.rtc.text       0x00000000400c0000        0x0
                0x00000000400c0000                . = ALIGN (0x4)
 *(.rtc.literal .rtc.text)
 *rtc_wake_stub*.*(.literal .text .literal.* .text.*)

.rtc.data       0x0000000050000000        0x0
                0x0000000050000000                _rtc_data_start = ABSOLUTE (.)
 *(.rtc.data)
 *(.rtc.rodata)
 *rtc_wake_stub*.*(.data .rodata .data.* .rodata.* .bss .bss.*)
                0x0000000050000000                _rtc_data_end = ABSOLUTE (.)

.rtc.bss        0x0000000050000000        0x0
                0x0000000050000000                _rtc_bss_start = ABSOLUTE (.)
 *rtc_wake_stub*.*(.bss .bss.*)
 *rtc_wake_stub*.*(COMMON)
                0x0000000050000000                _rtc_bss_end = ABSOLUTE (.)

.rtc_noinit     0x0000000050000000        0x0
                0x0000000050000000                . = ALIGN (0x4)
                0x0000000050000000                _rtc_noinit_start = ABSOLUTE (.)
 *(.rtc_noinit .rtc_noinit.*)
                0x0000000050000000                . = ALIGN (0x4)
                0x0000000050000000                _rtc_noinit_end = ABSOLUTE (.)

.iram0.vectors  0x0000000040080000      0x400
                0x0000000040080000                _init_start = ABSOLUTE (.)
                0x0000000000000000                . = 0x0
 *(.WindowVectors.text)
 .WindowVectors.text
                0x0000000040080000      0x16a /home/tuananh/esp/example/hello_world/build/freertos/libfreertos.a(xtensa_vectors.o)
                0x0000000040080000                _WindowOverflow4
                0x0000000040080040                _WindowUnderflow4
                0x0000000040080050                _xt_alloca_exc
                0x0000000040080080                _WindowOverflow8
                0x00000000400800c0                _WindowUnderflow8
                0x0000000040080100                _WindowOverflow12
                0x0000000040080140                _WindowUnderflow12
                0x0000000000000180                . = 0x180
 *fill*         0x000000004008016a       0x16 
 *(.Level2InterruptVector.text)
 .Level2InterruptVector.text
                0x0000000040080180        0x6 /home/tuananh/esp/example/hello_world/build/freertos/libfreertos.a(xtensa_vectors.o)
                0x0000000040080180                _Level2Vector
                0x00000000000001c0                . = 0x1c0
 *fill*         0x0000000040080186       0x3a 
 *(.Level3InterruptVector.text)
 .Level3InterruptVector.text
                0x00000000400801c0        0x6 /home/tuananh/esp/example/hello_world/build/freertos/libfreertos.a(xtensa_vectors.o)
                0x00000000400801c0                _Level3Vector
                0x0000000000000200                . = 0x200
 *fill*         0x00000000400801c6       0x3a 
 *(.Level4InterruptVector.text)
 .Level4InterruptVector.text
                0x0000000040080200        0x6 /home/tuananh/esp/example/hello_world/build/freertos/libfreertos.a(xtensa_vectors.o)
                0x0000000040080200                _Level4Vector
                0x0000000000000240                . = 0x240
 *fill*         0x0000000040080206       0x3a 
 *(.Level5InterruptVector.text)
 .Level5InterruptVector.text
                0x0000000040080240        0x6 /home/tuananh/esp/example/hello_world/build/freertos/libfreertos.a(xtensa_vectors.o)
                0x0000000040080240                _Level5Vector
                0x0000000000000280                . = 0x280
 *fill*         0x0000000040080246       0x3a 
 *(.DebugExceptionVector.text)
 .DebugExceptionVector.text
                0x0000000040080280        0x6 /home/tuananh/esp/example/hello_world/build/freertos/libfreertos.a(xtensa_vectors.o)
                0x0000000040080280                _DebugExceptionVector
                0x00000000000002c0                . = 0x2c0
 *fill*         0x0000000040080286       0x3a 
 *(.NMIExceptionVector.text)
 .NMIExceptionVector.text
                0x00000000400802c0        0x6 /home/tuananh/esp/example/hello_world/build/freertos/libfreertos.a(xtensa_vectors.o)
                0x00000000400802c0                _NMIExceptionVector
                0x0000000000000300                . = 0x300
 *fill*         0x00000000400802c6       0x3a 
 *(.KernelExceptionVector.text)
 .KernelExceptionVector.text
                0x0000000040080300        0x6 /home/tuananh/esp/example/hello_world/build/freertos/libfreertos.a(xtensa_vectors.o)
                0x0000000040080300                _KernelExceptionVector
                0x0000000000000340                . = 0x340
 *fill*         0x0000000040080306       0x3a 
 *(.UserExceptionVector.text)
 .UserExceptionVector.text
                0x0000000040080340        0x6 /home/tuananh/esp/example/hello_world/build/freertos/libfreertos.a(xtensa_vectors.o)
                0x0000000040080340                _UserExceptionVector
                0x00000000000003c0                . = 0x3c0
 *fill*         0x0000000040080346       0x7a 
 *(.DoubleExceptionVector.text)
 .DoubleExceptionVector.text
                0x00000000400803c0        0xf /home/tuananh/esp/example/hello_world/build/freertos/libfreertos.a(xtensa_vectors.o)
                0x00000000400803c0                _DoubleExceptionVector
                0x0000000000000400                . = 0x400
 *fill*         0x00000000400803cf       0x31 
 *(.*Vector.literal)
 *(.UserEnter.literal)
 *(.UserEnter.text)
                0x0000000040080400                . = ALIGN (0x10)
 *(.entry.text)
 *(.init.literal)
 *(.init)
                0x0000000040080400                _init_end = ABSOLUTE (.)
                0x0000000000000000                _iram_start = 0x0

.iram0.text     0x0000000040080400     0x8f60
                0x0000000040080400                _iram_text_start = ABSOLUTE (.)
 *(.iram1 .iram1.*)
 .iram1.literal
                0x0000000040080400       0xbc /home/tuananh/esp/example/hello_world/build/esp32/libesp32.a(cpu_start.o)
                                        0x204 (size before relaxing)
 .iram1.literal
                0x00000000400804bc       0x20 /home/tuananh/esp/example/hello_world/build/esp32/libesp32.a(ipc.o)
                                         0x34 (size before relaxing)
 .iram1.literal
                0x00000000400804dc       0x28 /home/tuananh/esp/example/hello_world/build/esp32/libesp32.a(esp_timer.o)
                                         0x60 (size before relaxing)
 .iram1.literal
                0x0000000040080504       0x38 /home/tuananh/esp/example/hello_world/build/esp32/libesp32.a(dport_access.o)
                                         0x88 (size before relaxing)
 .iram1.literal
                0x000000004008053c       0x14 /home/tuananh/esp/example/hello_world/build/esp32/libesp32.a(dport_panic_highint_hdl.o)
                                         0x28 (size before relaxing)
 .iram1.literal
                0x0000000040080550       0x6c /home/tuananh/esp/example/hello_world/build/esp32/libesp32.a(system_api.o)
                                         0xc4 (size before relaxing)
 .iram1.literal
                0x00000000400805bc        0x0 /home/tuananh/esp/example/hello_world/build/esp32/libesp32.a(int_wdt.o)
                                          0xc (size before relaxing)
 .iram1.literal
                0x00000000400805bc        0xc /home/tuananh/esp/example/hello_world/build/esp32/libesp32.a(cache_err_int.o)
                                         0x18 (size before relaxing)
 .iram1.literal
                0x00000000400805c8       0x50 /home/tuananh/esp/example/hello_world/build/esp32/libesp32.a(esp_timer_esp32.o)
                                         0xf0 (size before relaxing)
 .iram1.literal
                0x0000000040080618        0xc /home/tuananh/esp/example/hello_world/build/esp32/libesp32.a(clk.o)
                                         0x18 (size before relaxing)
 .iram1.literal
                0x0000000040080624        0x4 /home/tuananh/esp/example/hello_world/build/esp32/libesp32.a(freertos_hooks.o)
 .iram1.literal
                0x0000000040080628       0x1c /home/tuananh/esp/example/hello_world/build/esp32/libesp32.a(crosscore_int.o)
                                         0x40 (size before relaxing)
 .iram1.literal
                0x0000000040080644       0x20 /home/tuananh/esp/example/hello_world/build/esp32/libesp32.a(intr_alloc.o)
                                         0x7c (size before relaxing)
 .iram1.literal
                0x0000000040080664        0x4 /home/tuananh/esp/example/hello_world/build/freertos/libfreertos.a(port.o)
 .iram1.literal
                0x0000000040080668       0x44 /home/tuananh/esp/example/hello_world/build/freertos/libfreertos.a(xtensa_vectors.o)
                                         0x68 (size before relaxing)
 .iram1.literal
                0x00000000400806ac       0x54 /home/tuananh/esp/example/hello_world/build/heap/libheap.a(heap_caps.o)
                                         0xbc (size before relaxing)
 .iram1.literal
                0x0000000040080700       0x24 /home/tuananh/esp/example/hello_world/build/log/liblog.a(log.o)
                                         0x48 (size before relaxing)
 .iram1.literal
                0x0000000040080724        0x4 /home/tuananh/esp/example/hello_world/build/newlib/libnewlib.a(time.o)
                                         0x1c (size before relaxing)
 .iram1.literal
                0x0000000040080728        0x4 /home/tuananh/esp/example/hello_world/build/newlib/libnewlib.a(syscalls.o)
                                         0x14 (size before relaxing)
 .iram1.literal
                0x000000004008072c        0x8 /home/tuananh/esp/example/hello_world/build/newlib/libnewlib.a(reent_init.o)
                                         0x10 (size before relaxing)
 .iram1.literal
                0x0000000040080734       0x14 /home/tuananh/esp/example/hello_world/build/newlib/libnewlib.a(locks.o)
                                         0x90 (size before relaxing)
 .iram1.literal
                0x0000000040080748       0x1c /home/tuananh/esp/example/hello_world/build/soc/libsoc.a(cpu_util.o)
                                         0x30 (size before relaxing)
 .iram1.literal
                0x0000000040080764       0x50 /home/tuananh/esp/example/hello_world/build/spi_flash/libspi_flash.a(cache_utils.o)
                                        0x124 (size before relaxing)
 .iram1.literal
                0x00000000400807b4       0x38 /home/tuananh/esp/example/hello_world/build/spi_flash/libspi_flash.a(flash_ops.o)
                                         0xd8 (size before relaxing)
 .iram1.literal
                0x00000000400807ec       0x4c /home/tuananh/esp/example/hello_world/build/spi_flash/libspi_flash.a(flash_mmap.o)
                                        0x170 (size before relaxing)
 .iram1.literal
                0x0000000040080838       0x5c /home/tuananh/esp/example/hello_world/build/bootloader_support/libbootloader_support.a(bootloader_flash_config.o)
                                         0x90 (size before relaxing)
 .literal.xt_unhandled_interrupt
                0x0000000040080894        0x4 /home/tuananh/esp/example/hello_world/build/freertos/libfreertos.a(xtensa_intr.o)
                                          0x8 (size before relaxing)
 .literal.xt_set_interrupt_handler
                0x0000000040080898        0x8 /home/tuananh/esp/example/hello_world/build/freertos/libfreertos.a(xtensa_intr.o)
                                          0xc (size before relaxing)
 .literal.prvIsQueueFull
                0x00000000400808a0        0x0 /home/tuananh/esp/example/hello_world/build/freertos/libfreertos.a(queue.o)
                                          0x8 (size before relaxing)
 .literal.prvCopyDataToQueue
                0x00000000400808a0        0x0 /home/tuananh/esp/example/hello_world/build/freertos/libfreertos.a(queue.o)
                                          0xc (size before relaxing)
 .literal.prvNotifyQueueSetContainer
                0x00000000400808a0       0x14 /home/tuananh/esp/example/hello_world/build/freertos/libfreertos.a(queue.o)
                                         0x34 (size before relaxing)
 .literal.prvCopyDataFromQueue
                0x00000000400808b4        0x0 /home/tuananh/esp/example/hello_world/build/freertos/libfreertos.a(queue.o)
                                          0x4 (size before relaxing)
 .literal.xQueueGenericReset
                0x00000000400808b4        0x4 /home/tuananh/esp/example/hello_world/build/freertos/libfreertos.a(queue.o)
                                         0x30 (size before relaxing)
 .literal.prvInitialiseNewQueue
                0x00000000400808b8        0x0 /home/tuananh/esp/example/hello_world/build/freertos/libfreertos.a(queue.o)
                                          0x4 (size before relaxing)
 .literal.xQueueGenericCreate
                0x00000000400808b8        0x4 /home/tuananh/esp/example/hello_world/build/freertos/libfreertos.a(queue.o)
                                         0x1c (size before relaxing)
 .literal.xQueueGetMutexHolder
                0x00000000400808bc        0x0 /home/tuananh/esp/example/hello_world/build/freertos/libfreertos.a(queue.o)
                                          0x8 (size before relaxing)
 .literal.xQueueCreateCountingSemaphore
                0x00000000400808bc        0x4 /home/tuananh/esp/example/hello_world/build/freertos/libfreertos.a(queue.o)
                                         0x28 (size before relaxing)
 .literal.xQueueGenericSend
                0x00000000400808c0        0x4 /home/tuananh/esp/example/hello_world/build/freertos/libfreertos.a(queue.o)
                                         0x7c (size before relaxing)
 .literal.prvInitialiseMutex
                0x00000000400808c4        0x0 /home/tuananh/esp/example/hello_world/build/freertos/libfreertos.a(queue.o)
                                          0x8 (size before relaxing)
 .literal.xQueueCreateMutex
                0x00000000400808c4        0x0 /home/tuananh/esp/example/hello_world/build/freertos/libfreertos.a(queue.o)
                                          0x8 (size before relaxing)
 .literal.xQueueGiveMutexRecursive
                0x00000000400808c4        0x4 /home/tuananh/esp/example/hello_world/build/freertos/libfreertos.a(queue.o)
                                         0x1c (size before relaxing)
 .literal.xQueueGenericSendFromISR
                0x00000000400808c8        0x4 /home/tuananh/esp/example/hello_world/build/freertos/libfreertos.a(queue.o)
                                         0x3c (size before relaxing)
 .literal.xQueueGiveFromISR
                0x00000000400808cc        0x4 /home/tuananh/esp/example/hello_world/build/freertos/libfreertos.a(queue.o)
                                         0x30 (size before relaxing)
 .literal.xQueueGenericReceive
                0x00000000400808d0        0x4 /home/tuananh/esp/example/hello_world/build/freertos/libfreertos.a(queue.o)
                                         0x78 (size before relaxing)
 .literal.xQueueTakeMutexRecursive
                0x00000000400808d4        0x4 /home/tuananh/esp/example/hello_world/build/freertos/libfreertos.a(queue.o)
                                         0x1c (size before relaxing)
 .literal.xQueueReceiveFromISR
                0x00000000400808d8        0x4 /home/tuananh/esp/example/hello_world/build/freertos/libfreertos.a(queue.o)
                                         0x30 (size before relaxing)
 .literal.vQueueDelete
                0x00000000400808dc        0x4 /home/tuananh/esp/example/hello_world/build/freertos/libfreertos.a(queue.o)
                                         0x18 (size before relaxing)
 .literal.vQueueWaitForMessageRestricted
                0x00000000400808e0        0x0 /home/tuananh/esp/example/hello_world/build/freertos/libfreertos.a(queue.o)
                                          0xc (size before relaxing)
 .literal.pxPortInitialiseStack
                0x00000000400808e0       0x10 /home/tuananh/esp/example/hello_world/build/freertos/libfreertos.a(port.o)
                                         0x18 (size before relaxing)
 .literal.xPortStartScheduler
                0x00000000400808f0        0x0 /home/tuananh/esp/example/hello_world/build/freertos/libfreertos.a(port.o)
                                         0x14 (size before relaxing)
 .literal.xPortSysTickHandler
                0x00000000400808f0        0x0 /home/tuananh/esp/example/hello_world/build/freertos/libfreertos.a(port.o)
                                          0x8 (size before relaxing)
 .literal.vPortYieldOtherCore
                0x00000000400808f0        0x0 /home/tuananh/esp/example/hello_world/build/freertos/libfreertos.a(port.o)
                                          0x4 (size before relaxing)
 .literal.vPortReleaseTaskMPUSettings
                0x00000000400808f0        0x0 /home/tuananh/esp/example/hello_world/build/freertos/libfreertos.a(port.o)
                                          0x4 (size before relaxing)
 .literal.xPortInIsrContext
                0x00000000400808f0        0x0 /home/tuananh/esp/example/hello_world/build/freertos/libfreertos.a(port.o)
                                          0x8 (size before relaxing)
 .literal.vPortCPUInitializeMutex
                0x00000000400808f0        0x4 /home/tuananh/esp/example/hello_world/build/freertos/libfreertos.a(port.o)
 .literal.vPortCPUAcquireMutex
                0x00000000400808f4       0x1c /home/tuananh/esp/example/hello_world/build/freertos/libfreertos.a(port.o)
                                         0x30 (size before relaxing)
 .literal.vPortCPUReleaseMutex
                0x0000000040080910        0xc /home/tuananh/esp/example/hello_world/build/freertos/libfreertos.a(port.o)
                                         0x20 (size before relaxing)
 .literal.prvResetNextTaskUnblockTime
                0x000000004008091c        0x8 /home/tuananh/esp/example/hello_world/build/freertos/libfreertos.a(tasks.o)
 .literal.prvDeleteTLS
                0x0000000040080924       0x10 /home/tuananh/esp/example/hello_world/build/freertos/libfreertos.a(tasks.o)
                                         0x18 (size before relaxing)
 .literal.prvInitialiseNewTask
                0x0000000040080934        0x0 /home/tuananh/esp/example/hello_world/build/freertos/libfreertos.a(tasks.o)
                                         0x18 (size before relaxing)
 .literal.prvInitialiseTaskLists
                0x0000000040080934       0x20 /home/tuananh/esp/example/hello_world/build/freertos/libfreertos.a(tasks.o)
                                         0x40 (size before relaxing)
 .literal.prvDeleteTCB
                0x0000000040080954        0x8 /home/tuananh/esp/example/hello_world/build/freertos/libfreertos.a(tasks.o)
                                         0x2c (size before relaxing)
 .literal.prvAddCurrentTaskToDelayedList
                0x000000004008095c        0x4 /home/tuananh/esp/example/hello_world/build/freertos/libfreertos.a(tasks.o)
                                         0x1c (size before relaxing)
 .literal.taskYIELD_OTHER_CORE
                0x0000000040080960        0x0 /home/tuananh/esp/example/hello_world/build/freertos/libfreertos.a(tasks.o)
                                         0x10 (size before relaxing)
 .literal.vTaskSuspendAll
                0x0000000040080960        0x4 /home/tuananh/esp/example/hello_world/build/freertos/libfreertos.a(tasks.o)
                                          0x8 (size before relaxing)
 .literal.xTaskGetTickCount
                0x0000000040080964        0x0 /home/tuananh/esp/example/hello_world/build/freertos/libfreertos.a(tasks.o)
                                          0x4 (size before relaxing)
 .literal.xTaskGetIdleTaskHandleForCPU
                0x0000000040080964        0xc /home/tuananh/esp/example/hello_world/build/freertos/libfreertos.a(tasks.o)
                                         0x1c (size before relaxing)
 .literal.vTaskSwitchContext
                0x0000000040080970       0x18 /home/tuananh/esp/example/hello_world/build/freertos/libfreertos.a(tasks.o)
                                         0x3c (size before relaxing)
 .literal.vTaskSetTimeOutState
                0x0000000040080988        0xc /home/tuananh/esp/example/hello_world/build/freertos/libfreertos.a(tasks.o)
                                         0x20 (size before relaxing)
 .literal.xTaskGetCurrentTaskHandle
                0x0000000040080994        0x0 /home/tuananh/esp/example/hello_world/build/freertos/libfreertos.a(tasks.o)
                                          0x8 (size before relaxing)
 .literal.__getreent
                0x0000000040080994        0x0 /home/tuananh/esp/example/hello_world/build/freertos/libfreertos.a(tasks.o)
                                          0x8 (size before relaxing)
 .literal.pcTaskGetTaskName
                0x0000000040080994        0x8 /home/tuananh/esp/example/hello_world/build/freertos/libfreertos.a(tasks.o)
                                         0x1c (size before relaxing)
 .literal.xTaskGetAffinity
                0x000000004008099c        0x0 /home/tuananh/esp/example/hello_world/build/freertos/libfreertos.a(tasks.o)
                                          0x4 (size before relaxing)
 .literal.xTaskGetCurrentTaskHandleForCPU
                0x000000004008099c        0x0 /home/tuananh/esp/example/hello_world/build/freertos/libfreertos.a(tasks.o)
                                          0x4 (size before relaxing)
 .literal.xTaskGetSchedulerState
                0x000000004008099c        0x4 /home/tuananh/esp/example/hello_world/build/freertos/libfreertos.a(tasks.o)
                                          0xc (size before relaxing)
 .literal.vTaskEnterCritical
                0x00000000400809a0       0x14 /home/tuananh/esp/example/hello_world/build/freertos/libfreertos.a(tasks.o)
                                         0x34 (size before relaxing)
 .literal.vTaskExitCritical
                0x00000000400809b4        0xc /home/tuananh/esp/example/hello_world/build/freertos/libfreertos.a(tasks.o)
                                         0x28 (size before relaxing)
 .literal.prvAddNewTaskToReadyList
                0x00000000400809c0       0x10 /home/tuananh/esp/example/hello_world/build/freertos/libfreertos.a(tasks.o)
                                         0x58 (size before relaxing)
 .literal.xTaskCreatePinnedToCore
                0x00000000400809d0        0x0 /home/tuananh/esp/example/hello_world/build/freertos/libfreertos.a(tasks.o)
                                         0x18 (size before relaxing)
 .literal.vTaskStartScheduler
                0x00000000400809d0       0x10 /home/tuananh/esp/example/hello_world/build/freertos/libfreertos.a(tasks.o)
                                         0x38 (size before relaxing)
 .literal.vTaskDelete
                0x00000000400809e0        0x8 /home/tuananh/esp/example/hello_world/build/freertos/libfreertos.a(tasks.o)
                                         0x60 (size before relaxing)
 .literal.vTaskDelay
                0x00000000400809e8        0x4 /home/tuananh/esp/example/hello_world/build/freertos/libfreertos.a(tasks.o)
                                         0x38 (size before relaxing)
 .literal.uxTaskPriorityGet
                0x00000000400809ec        0x0 /home/tuananh/esp/example/hello_world/build/freertos/libfreertos.a(tasks.o)
                                         0x10 (size before relaxing)
 .literal.vTaskPrioritySet
                0x00000000400809ec        0x4 /home/tuananh/esp/example/hello_world/build/freertos/libfreertos.a(tasks.o)
                                         0x44 (size before relaxing)
 .literal.prvCheckTasksWaitingTermination
                0x00000000400809f0        0x8 /home/tuananh/esp/example/hello_world/build/freertos/libfreertos.a(tasks.o)
                                         0x30 (size before relaxing)
 .literal.prvIdleTask
                0x00000000400809f8        0x0 /home/tuananh/esp/example/hello_world/build/freertos/libfreertos.a(tasks.o)
                                          0xc (size before relaxing)
 .literal.xTaskIncrementTick
                0x00000000400809f8        0xc /home/tuananh/esp/example/hello_world/build/freertos/libfreertos.a(tasks.o)
                                         0x68 (size before relaxing)
 .literal.xTaskResumeAll
                0x0000000040080a04        0x8 /home/tuananh/esp/example/hello_world/build/freertos/libfreertos.a(tasks.o)
                                         0x5c (size before relaxing)
 .literal.vTaskPlaceOnEventList
                0x0000000040080a0c        0x8 /home/tuananh/esp/example/hello_world/build/freertos/libfreertos.a(tasks.o)
                                         0x40 (size before relaxing)
 .literal.vTaskPlaceOnEventListRestricted
                0x0000000040080a14        0x8 /home/tuananh/esp/example/hello_world/build/freertos/libfreertos.a(tasks.o)
                                         0x38 (size before relaxing)
 .literal.xTaskRemoveFromEventList
                0x0000000040080a1c        0x8 /home/tuananh/esp/example/hello_world/build/freertos/libfreertos.a(tasks.o)
                                         0x58 (size before relaxing)
 .literal.xTaskCheckForTimeOut
                0x0000000040080a24        0xc /home/tuananh/esp/example/hello_world/build/freertos/libfreertos.a(tasks.o)
                                         0x3c (size before relaxing)
 .literal.vTaskPriorityInherit
                0x0000000040080a30        0x0 /home/tuananh/esp/example/hello_world/build/freertos/libfreertos.a(tasks.o)
                                         0x28 (size before relaxing)
 .literal.xTaskPriorityDisinherit
                0x0000000040080a30        0x8 /home/tuananh/esp/example/hello_world/build/freertos/libfreertos.a(tasks.o)
                                         0x3c (size before relaxing)
 .literal.pvTaskIncrementMutexHeldCount
                0x0000000040080a38        0x0 /home/tuananh/esp/example/hello_world/build/freertos/libfreertos.a(tasks.o)
                                         0x10 (size before relaxing)
 .literal.prvGetNextExpireTime
                0x0000000040080a38        0x4 /home/tuananh/esp/example/hello_world/build/freertos/libfreertos.a(timers.o)
 .literal.prvInsertTimerInActiveList
                0x0000000040080a3c        0x4 /home/tuananh/esp/example/hello_world/build/freertos/libfreertos.a(timers.o)
                                         0x10 (size before relaxing)
 .literal.prvCheckForValidListAndQueue
                0x0000000040080a40       0x1c /home/tuananh/esp/example/hello_world/build/freertos/libfreertos.a(timers.o)
                                         0x44 (size before relaxing)
 .literal.xTimerCreateTimerTask
                0x0000000040080a5c        0xc /home/tuananh/esp/example/hello_world/build/freertos/libfreertos.a(timers.o)
                                         0x2c (size before relaxing)
 .literal.xTimerGenericCommand
                0x0000000040080a68        0x0 /home/tuananh/esp/example/hello_world/build/freertos/libfreertos.a(timers.o)
                                         0x14 (size before relaxing)
 .literal.prvSwitchTimerLists
                0x0000000040080a68        0x4 /home/tuananh/esp/example/hello_world/build/freertos/libfreertos.a(timers.o)
                                         0x28 (size before relaxing)
 .literal.prvSampleTimeNow
                0x0000000040080a6c        0x4 /home/tuananh/esp/example/hello_world/build/freertos/libfreertos.a(timers.o)
                                          0xc (size before relaxing)
 .literal.prvProcessExpiredTimer
                0x0000000040080a70        0x4 /home/tuananh/esp/example/hello_world/build/freertos/libfreertos.a(timers.o)
                                         0x24 (size before relaxing)
 .literal.prvProcessTimerOrBlockTask
                0x0000000040080a74        0x0 /home/tuananh/esp/example/hello_world/build/freertos/libfreertos.a(timers.o)
                                         0x24 (size before relaxing)
 .literal.prvProcessReceivedCommands
                0x0000000040080a74        0x8 /home/tuananh/esp/example/hello_world/build/freertos/libfreertos.a(timers.o)
                                         0x40 (size before relaxing)
 .literal.prvTimerTask
                0x0000000040080a7c        0x0 /home/tuananh/esp/example/hello_world/build/freertos/libfreertos.a(timers.o)
                                          0xc (size before relaxing)
 .literal       0x0000000040080a7c        0x0 /home/tuananh/esp/example/hello_world/build/freertos/libfreertos.a(xtensa_context.o)
                                         0x10 (size before relaxing)
 .literal       0x0000000040080a7c       0x10 /home/tuananh/esp/example/hello_world/build/freertos/libfreertos.a(portasm.o)
                                         0x54 (size before relaxing)
 .literal._xt_tick_divisor_init
                0x0000000040080a8c        0x4 /home/tuananh/esp/example/hello_world/build/freertos/libfreertos.a(xtensa_init.o)
                                          0xc (size before relaxing)
 .literal.get_prev_free_block
                0x0000000040080a90       0x10 /home/tuananh/esp/example/hello_world/build/heap/libheap.a(multi_heap.o)
                                         0x28 (size before relaxing)
 .literal.split_if_necessary
                0x0000000040080aa0       0x10 /home/tuananh/esp/example/hello_world/build/heap/libheap.a(multi_heap.o)
                                         0x50 (size before relaxing)
 .literal.assert_valid_block
                0x0000000040080ab0        0x0 /home/tuananh/esp/example/hello_world/build/heap/libheap.a(multi_heap.o)
                                         0x2c (size before relaxing)
 .literal.merge_adjacent
                0x0000000040080ab0        0x8 /home/tuananh/esp/example/hello_world/build/heap/libheap.a(multi_heap.o)
                                         0x4c (size before relaxing)
 .literal.multi_heap_get_allocated_size_impl
                0x0000000040080ab8        0x0 /home/tuananh/esp/example/hello_world/build/heap/libheap.a(multi_heap.o)
                                         0x10 (size before relaxing)
 .literal.multi_heap_malloc_impl
                0x0000000040080ab8        0x0 /home/tuananh/esp/example/hello_world/build/heap/libheap.a(multi_heap.o)
                                         0x28 (size before relaxing)
 .literal.multi_heap_free_impl
                0x0000000040080ab8        0x0 /home/tuananh/esp/example/hello_world/build/heap/libheap.a(multi_heap.o)
                                         0x50 (size before relaxing)
 .literal.multi_heap_realloc_impl
                0x0000000040080ab8        0x8 /home/tuananh/esp/example/hello_world/build/heap/libheap.a(multi_heap.o)
                                         0x68 (size before relaxing)
 .literal.panicPutChar
                0x0000000040080ac0        0x8 /home/tuananh/esp/example/hello_world/build/esp32/libesp32.a(panic.o)
 .literal.panicPutStr
                0x0000000040080ac8        0x0 /home/tuananh/esp/example/hello_world/build/esp32/libesp32.a(panic.o)
                                          0x4 (size before relaxing)
 .literal.panicPutHex
                0x0000000040080ac8        0x0 /home/tuananh/esp/example/hello_world/build/esp32/libesp32.a(panic.o)
                                          0x8 (size before relaxing)
 .literal.panicPutDec
                0x0000000040080ac8        0x4 /home/tuananh/esp/example/hello_world/build/esp32/libesp32.a(panic.o)
                                         0x10 (size before relaxing)
 .literal.illegal_instruction_helper
                0x0000000040080acc       0x18 /home/tuananh/esp/example/hello_world/build/esp32/libesp32.a(panic.o)
                                         0x3c (size before relaxing)
 .literal.reconfigureAllWdts
                0x0000000040080ae4       0x10 /home/tuananh/esp/example/hello_world/build/esp32/libesp32.a(panic.o)
                                         0x24 (size before relaxing)
 .literal.putEntry
                0x0000000040080af4        0xc /home/tuananh/esp/example/hello_world/build/esp32/libesp32.a(panic.o)
                                         0x20 (size before relaxing)
 .literal.doBacktrace
                0x0000000040080b00       0x10 /home/tuananh/esp/example/hello_world/build/esp32/libesp32.a(panic.o)
                                         0x24 (size before relaxing)
 .literal.invoke_abort
                0x0000000040080b10        0x4 /home/tuananh/esp/example/hello_world/build/esp32/libesp32.a(panic.o)
                                          0x8 (size before relaxing)
 .literal.haltOtherCore
                0x0000000040080b14        0x0 /home/tuananh/esp/example/hello_world/build/esp32/libesp32.a(panic.o)
                                          0x4 (size before relaxing)
 .literal.esp_panic_wdt_start
                0x0000000040080b14       0x14 /home/tuananh/esp/example/hello_world/build/esp32/libesp32.a(panic.o)
                                         0x2c (size before relaxing)
 .literal.commonErrorHandler_dump
                0x0000000040080b28       0x2c /home/tuananh/esp/example/hello_world/build/esp32/libesp32.a(panic.o)
                                         0x90 (size before relaxing)
 .literal.esp_panic_dig_reset
                0x0000000040080b54        0x0 /home/tuananh/esp/example/hello_world/build/esp32/libesp32.a(panic.o)
                                         0x14 (size before relaxing)
 .literal.abort
                0x0000000040080b54        0x8 /home/tuananh/esp/example/hello_world/build/esp32/libesp32.a(panic.o)
                                         0x10 (size before relaxing)
 .literal.vApplicationStackOverflowHook
                0x0000000040080b5c        0x8 /home/tuananh/esp/example/hello_world/build/esp32/libesp32.a(panic.o)
                                         0x18 (size before relaxing)
 .literal.esp_panic_wdt_stop
                0x0000000040080b64        0x0 /home/tuananh/esp/example/hello_world/build/esp32/libesp32.a(panic.o)
                                         0x18 (size before relaxing)
 .literal.commonErrorHandler
                0x0000000040080b64        0x4 /home/tuananh/esp/example/hello_world/build/esp32/libesp32.a(panic.o)
                                         0x28 (size before relaxing)
 .literal.panicHandler
                0x0000000040080b68       0x34 /home/tuananh/esp/example/hello_world/build/esp32/libesp32.a(panic.o)
                                         0xa4 (size before relaxing)
 .literal.xt_unhandled_exception
                0x0000000040080b9c       0x18 /home/tuananh/esp/example/hello_world/build/esp32/libesp32.a(panic.o)
                                         0x64 (size before relaxing)
 .literal._esp_error_check_failed
                0x0000000040080bb4       0x14 /home/tuananh/esp/example/hello_world/build/esp32/libesp32.a(panic.o)
                                         0x30 (size before relaxing)
 .literal.rtc_clk_cal_internal
                0x0000000040080bc8       0x24 /home/tuananh/esp/example/hello_world/build/soc/libsoc.a(rtc_time.o)
                                         0x3c (size before relaxing)
 .literal.rtc_clk_cal
                0x0000000040080bec        0x0 /home/tuananh/esp/example/hello_world/build/soc/libsoc.a(rtc_time.o)
                                          0xc (size before relaxing)
 .literal.rtc_time_get
                0x0000000040080bec       0x10 /home/tuananh/esp/example/hello_world/build/soc/libsoc.a(rtc_time.o)
                                         0x18 (size before relaxing)
 .literal.rtc_clk_wait_for_slow_cycle
                0x0000000040080bfc        0x8 /home/tuananh/esp/example/hello_world/build/soc/libsoc.a(rtc_time.o)
                                         0x20 (size before relaxing)
 .literal.rtc_init
                0x0000000040080c04       0x94 /home/tuananh/esp/example/hello_world/build/soc/libsoc.a(rtc_init.o)
                                         0xe0 (size before relaxing)
 .literal.rtc_clk_32k_enable_internal
                0x0000000040080c98       0x14 /home/tuananh/esp/example/hello_world/build/soc/libsoc.a(rtc_clk.o)
 .literal.rtc_clk_32k_enable
                0x0000000040080cac        0x4 /home/tuananh/esp/example/hello_world/build/soc/libsoc.a(rtc_clk.o)
                                         0x10 (size before relaxing)
 .literal.rtc_clk_32k_bootstrap
                0x0000000040080cb0        0xc /home/tuananh/esp/example/hello_world/build/soc/libsoc.a(rtc_clk.o)
                                         0x34 (size before relaxing)
 .literal.rtc_clk_slow_freq_set
                0x0000000040080cbc        0x0 /home/tuananh/esp/example/hello_world/build/soc/libsoc.a(rtc_clk.o)
                                          0xc (size before relaxing)
 .literal.rtc_clk_slow_freq_get
                0x0000000040080cbc        0x0 /home/tuananh/esp/example/hello_world/build/soc/libsoc.a(rtc_clk.o)
                                          0x4 (size before relaxing)
 .literal.rtc_clk_slow_freq_get_hz
                0x0000000040080cbc        0x0 /home/tuananh/esp/example/hello_world/build/soc/libsoc.a(rtc_clk.o)
                                         0x10 (size before relaxing)
 .literal.rtc_clk_fast_freq_set
                0x0000000040080cbc        0x0 /home/tuananh/esp/example/hello_world/build/soc/libsoc.a(rtc_clk.o)
                                          0xc (size before relaxing)
 .literal.rtc_clk_bbpll_set
                0x0000000040080cbc        0x8 /home/tuananh/esp/example/hello_world/build/soc/libsoc.a(rtc_clk.o)
                                         0x4c (size before relaxing)
 .literal.rtc_clk_xtal_freq_get
                0x0000000040080cc4        0xc /home/tuananh/esp/example/hello_world/build/soc/libsoc.a(rtc_clk.o)
                                         0x1c (size before relaxing)
 .literal.rtc_clk_cpu_freq_get
                0x0000000040080cd0       0x14 /home/tuananh/esp/example/hello_world/build/soc/libsoc.a(rtc_clk.o)
                                         0x2c (size before relaxing)
 .literal.rtc_clk_cpu_freq_value
                0x0000000040080ce4       0x1c /home/tuananh/esp/example/hello_world/build/soc/libsoc.a(rtc_clk.o)
                                         0x2c (size before relaxing)
 .literal.rtc_clk_apb_freq_update
                0x0000000040080d00        0x4 /home/tuananh/esp/example/hello_world/build/soc/libsoc.a(rtc_clk.o)
                                          0x8 (size before relaxing)
 .literal.rtc_clk_cpu_freq_set
                0x0000000040080d04       0x14 /home/tuananh/esp/example/hello_world/build/soc/libsoc.a(rtc_clk.o)
                                         0x84 (size before relaxing)
 .literal.rtc_clk_apb_freq_get
                0x0000000040080d18        0x8 /home/tuananh/esp/example/hello_world/build/soc/libsoc.a(rtc_clk.o)
                                         0x14 (size before relaxing)
 .literal       0x0000000040080d20        0x0 /home/tuananh/esp/esp-idf/components/esp32/libhal.a(windowspill_asm.o)
                                          0x4 (size before relaxing)
 .literal.esp_rom_spiflash_read_status
                0x0000000040080d20        0xc /home/tuananh/esp/example/hello_world/build/spi_flash/libspi_flash.a(spi_flash_rom_patch.o)
                                         0x14 (size before relaxing)
 .literal.esp_rom_spiflash_wait_idle
                0x0000000040080d2c        0x8 /home/tuananh/esp/example/hello_world/build/spi_flash/libspi_flash.a(spi_flash_rom_patch.o)
                                          0xc (size before relaxing)
 .literal.esp_rom_spiflash_erase_block_internal
                0x0000000040080d34        0x4 /home/tuananh/esp/example/hello_world/build/spi_flash/libspi_flash.a(spi_flash_rom_patch.o)
                                         0x18 (size before relaxing)
 .literal.esp_rom_spiflash_erase_sector_internal
                0x0000000040080d38        0x0 /home/tuananh/esp/example/hello_world/build/spi_flash/libspi_flash.a(spi_flash_rom_patch.o)
                                         0x18 (size before relaxing)
 .literal.esp_rom_spiflash_read_data
                0x0000000040080d38       0x18 /home/tuananh/esp/example/hello_world/build/spi_flash/libspi_flash.a(spi_flash_rom_patch.o)
                                         0x34 (size before relaxing)
 .literal.esp_rom_spiflash_enable_write
                0x0000000040080d50        0x0 /home/tuananh/esp/example/hello_world/build/spi_flash/libspi_flash.a(spi_flash_rom_patch.o)
                                         0x10 (size before relaxing)
 .literal.esp_rom_spiflash_program_page_internal
                0x0000000040080d50       0x10 /home/tuananh/esp/example/hello_world/build/spi_flash/libspi_flash.a(spi_flash_rom_patch.o)
                                         0x40 (size before relaxing)
 .literal.esp_rom_spiflash_read_statushigh
                0x0000000040080d60        0x4 /home/tuananh/esp/example/hello_world/build/spi_flash/libspi_flash.a(spi_flash_rom_patch.o)
                                          0xc (size before relaxing)
 .literal.esp_rom_spiflash_write_status
                0x0000000040080d64        0x4 /home/tuananh/esp/example/hello_world/build/spi_flash/libspi_flash.a(spi_flash_rom_patch.o)
                                         0x14 (size before relaxing)
 .literal.esp_rom_spiflash_unlock
                0x0000000040080d68        0x4 /home/tuananh/esp/example/hello_world/build/spi_flash/libspi_flash.a(spi_flash_rom_patch.o)
                                         0x28 (size before relaxing)
 .literal.esp_rom_spiflash_erase_block
                0x0000000040080d6c        0x8 /home/tuananh/esp/example/hello_world/build/spi_flash/libspi_flash.a(spi_flash_rom_patch.o)
                                         0x20 (size before relaxing)
 .literal.esp_rom_spiflash_erase_sector
                0x0000000040080d74        0x0 /home/tuananh/esp/example/hello_world/build/spi_flash/libspi_flash.a(spi_flash_rom_patch.o)
                                         0x20 (size before relaxing)
 .literal.esp_rom_spiflash_write
                0x0000000040080d74        0x0 /home/tuananh/esp/example/hello_world/build/spi_flash/libspi_flash.a(spi_flash_rom_patch.o)
                                         0x28 (size before relaxing)
 .literal.esp_rom_spiflash_write_encrypted
                0x0000000040080d74        0xc /home/tuananh/esp/example/hello_world/build/spi_flash/libspi_flash.a(spi_flash_rom_patch.o)
                                         0x10 (size before relaxing)
 .literal.esp_rom_spiflash_read
                0x0000000040080d80       0x30 /home/tuananh/esp/example/hello_world/build/spi_flash/libspi_flash.a(spi_flash_rom_patch.o)
                                         0x5c (size before relaxing)
 .iram1         0x0000000040080db0      0x2e6 /home/tuananh/esp/example/hello_world/build/esp32/libesp32.a(cpu_start.o)
                                        0x3b6 (size before relaxing)
                0x0000000040080db0                start_cpu0
                0x0000000040080db0                start_cpu0_default
                0x0000000040080eb4                start_cpu1_default
                0x0000000040080eb4                start_cpu1
                0x0000000040080f34                call_start_cpu0
 *fill*         0x0000000040081096        0x2 
 .iram1         0x0000000040081098       0x7f /home/tuananh/esp/example/hello_world/build/esp32/libesp32.a(ipc.o)
                                         0x8b (size before relaxing)
 *fill*         0x0000000040081117        0x1 
 .iram1         0x0000000040081118      0x203 /home/tuananh/esp/example/hello_world/build/esp32/libesp32.a(esp_timer.o)
                                        0x21b (size before relaxing)
                0x0000000040081234                esp_timer_stop
                0x0000000040081258                esp_timer_get_next_alarm
                0x0000000040081278                esp_timer_get_time
                0x0000000040081288                esp_timer_start_once
                0x00000000400812cc                esp_timer_start_periodic
 *fill*         0x000000004008131b        0x1 
 .iram1         0x000000004008131c      0x1e3 /home/tuananh/esp/example/hello_world/build/esp32/libesp32.a(dport_access.o)
                                        0x1ef (size before relaxing)
                0x000000004008131c                esp_dport_access_stall_other_cpu_start
                0x00000000400813cc                esp_dport_access_stall_other_cpu_end
                0x0000000040081448                esp_dport_access_stall_other_cpu_start_wrap
                0x0000000040081450                esp_dport_access_stall_other_cpu_end_wrap
                0x0000000040081458                esp_dport_access_int_pause
                0x000000004008147c                esp_dport_access_int_abort
                0x0000000040081490                esp_dport_access_int_resume
                0x00000000400814b4                esp_dport_access_reg_read
                0x00000000400814cc                esp_dport_access_sequence_reg_read
                0x00000000400814d8                esp_dport_access_read_buffer
 *fill*         0x00000000400814ff        0x1 
 .iram1         0x0000000040081500       0xe6 /home/tuananh/esp/example/hello_world/build/esp32/libesp32.a(dport_panic_highint_hdl.o)
                0x0000000040081500                xt_highint4
                0x00000000400815e6                ld_include_panic_highint_hdl
 *fill*         0x00000000400815e6        0x2 
 .iram1         0x00000000400815e8      0x1e1 /home/tuananh/esp/example/hello_world/build/esp32/libesp32.a(system_api.o)
                                        0x21c (size before relaxing)
                0x0000000040081660                esp_restart_noos
                0x00000000400817a8                esp_restart
                0x00000000400817a8                system_restart
 *fill*         0x00000000400817c9        0x3 
 .iram1         0x00000000400817cc       0x53 /home/tuananh/esp/example/hello_world/build/esp32/libesp32.a(int_wdt.o)
 *fill*         0x000000004008181f        0x1 
 .iram1         0x0000000040081820       0x2c /home/tuananh/esp/example/hello_world/build/esp32/libesp32.a(cache_err_int.o)
                                         0x34 (size before relaxing)
                0x0000000040081820                esp_cache_err_get_cpuid
 .iram1         0x000000004008184c      0x54b /home/tuananh/esp/example/hello_world/build/esp32/libesp32.a(esp_timer_esp32.o)
                                        0x567 (size before relaxing)
                0x00000000400819c4                esp_timer_impl_get_time
                0x0000000040081b20                esp_timer_impl_set_alarm
                0x0000000040081cc4                esp_timer_impl_update_apb_freq
                0x0000000040081d8c                esp_timer_impl_get_min_period_us
 *fill*         0x0000000040081d97        0x1 
 .iram1         0x0000000040081d98       0x37 /home/tuananh/esp/example/hello_world/build/esp32/libesp32.a(clk.o)
                0x0000000040081d98                esp_clk_cpu_freq
                0x0000000040081da8                esp_clk_apb_freq
                0x0000000040081dc0                ets_update_cpu_frequency
 *fill*         0x0000000040081dcf        0x1 
 .iram1         0x0000000040081dd0       0x27 /home/tuananh/esp/example/hello_world/build/esp32/libesp32.a(freertos_hooks.o)
                0x0000000040081dd0                esp_vApplicationTickHook
 *fill*         0x0000000040081df7        0x1 
 .iram1         0x0000000040081df8       0xb0 /home/tuananh/esp/example/hello_world/build/esp32/libesp32.a(crosscore_int.o)
                                         0xc0 (size before relaxing)
                0x0000000040081e90                esp_crosscore_int_send_yield
                0x0000000040081e9c                esp_crosscore_int_send_freq_switch
 .iram1         0x0000000040081ea8      0x2b6 /home/tuananh/esp/example/hello_world/build/esp32/libesp32.a(intr_alloc.o)
                                        0x2ce (size before relaxing)
                0x0000000040081ee4                esp_intr_set_in_iram
                0x0000000040081f6c                esp_intr_enable
                0x0000000040081ff4                esp_intr_disable
                0x00000000400820bc                esp_intr_noniram_disable
                0x0000000040082108                esp_intr_noniram_enable
                0x0000000040082148                ets_isr_unmask
                0x0000000040082154                ets_isr_mask
 *fill*         0x000000004008215e        0x2 
 .iram1         0x0000000040082160       0x1a /home/tuananh/esp/example/hello_world/build/freertos/libfreertos.a(port.o)
                0x0000000040082160                xPortInterruptedFromISRContext
 *fill*         0x000000004008217a        0x2 
 .iram1         0x000000004008217c      0x4f8 /home/tuananh/esp/example/hello_world/build/freertos/libfreertos.a(xtensa_vectors.o)
                0x000000004008217c                _xt_panic
                0x000000004008229c                _xt_user_exit
                0x00000000400825b0                _xt_medint2_exit
                0x0000000040082660                _xt_medint3_exit
 .iram1         0x0000000040082674      0x411 /home/tuananh/esp/example/hello_world/build/heap/libheap.a(heap_caps.o)
                                        0x431 (size before relaxing)
                0x000000004008270c                heap_caps_malloc
                0x00000000400827bc                heap_caps_malloc_default
                0x0000000040082800                heap_caps_malloc_prefer
                0x0000000040082858                heap_caps_free
                0x0000000040082890                heap_caps_realloc
                0x0000000040082944                heap_caps_realloc_default
                0x000000004008299c                heap_caps_realloc_prefer
                0x0000000040082a00                heap_caps_calloc
                0x0000000040082a30                heap_caps_calloc_prefer
 *fill*         0x0000000040082a85        0x3 
 .iram1         0x0000000040082a88      0x182 /home/tuananh/esp/example/hello_world/build/log/liblog.a(log.o)
                                        0x192 (size before relaxing)
                0x0000000040082a88                esp_log_writev
                0x0000000040082bb0                esp_log_early_timestamp
                0x0000000040082bcc                esp_log_timestamp
 *fill*         0x0000000040082c0a        0x2 
 .iram1         0x0000000040082c0c       0x70 /home/tuananh/esp/example/hello_world/build/newlib/libnewlib.a(time.o)
                                         0x74 (size before relaxing)
                0x0000000040082c0c                _gettimeofday_r
                0x0000000040082c54                _times_r
 .iram1         0x0000000040082c7c       0x5a /home/tuananh/esp/example/hello_world/build/newlib/libnewlib.a(syscalls.o)
                                         0x62 (size before relaxing)
                0x0000000040082c7c                _malloc_r
                0x0000000040082c88                _free_r
                0x0000000040082c94                _realloc_r
                0x0000000040082ca8                _calloc_r
 *fill*         0x0000000040082cd6        0x2 
 .iram1         0x0000000040082cd8       0x3c /home/tuananh/esp/example/hello_world/build/newlib/libnewlib.a(reent_init.o)
                0x0000000040082cd8                esp_reent_init
 .iram1         0x0000000040082d14      0x1cc /home/tuananh/esp/example/hello_world/build/newlib/libnewlib.a(locks.o)
                                        0x210 (size before relaxing)
                0x0000000040082e2c                _lock_init
                0x0000000040082e3c                _lock_init_recursive
                0x0000000040082e4c                _lock_close_recursive
                0x0000000040082e4c                _lock_close
                0x0000000040082e88                _lock_acquire
                0x0000000040082e98                _lock_acquire_recursive
                0x0000000040082ea8                _lock_try_acquire
                0x0000000040082eb8                _lock_try_acquire_recursive
                0x0000000040082ec8                _lock_release
                0x0000000040082ed4                _lock_release_recursive
 .iram1         0x0000000040082ee0      0x11a /home/tuananh/esp/example/hello_world/build/soc/libsoc.a(cpu_util.o)
                0x0000000040082ee0                esp_cpu_stall
                0x0000000040082f74                esp_cpu_unstall
                0x0000000040082fc8                esp_cpu_reset
                0x0000000040082fec                esp_cpu_in_ocd_debug_mode
 *fill*         0x0000000040082ffa        0x2 
 .iram1         0x0000000040082ffc      0x2f8 /home/tuananh/esp/example/hello_world/build/spi_flash/libspi_flash.a(cache_utils.o)
                                        0x348 (size before relaxing)
                0x0000000040083060                spi_flash_op_block_func
                0x000000004008310c                spi_flash_disable_interrupts_caches_and_other_cpu
                0x00000000400831f0                spi_flash_enable_interrupts_caches_and_other_cpu
                0x0000000040083288                spi_flash_disable_interrupts_caches_and_other_cpu_no_os
                0x00000000400832b4                spi_flash_enable_interrupts_caches_no_os
                0x00000000400832d0                spi_flash_cache_enabled
 .iram1         0x00000000400832f4      0x74a /home/tuananh/esp/example/hello_world/build/spi_flash/libspi_flash.a(flash_ops.o)
                                        0x76a (size before relaxing)
                0x0000000040083364                spi_flash_guard_set
                0x0000000040083370                spi_flash_guard_get
                0x000000004008337c                spi_flash_get_chip_size
                0x0000000040083388                spi_flash_erase_range
                0x0000000040083448                spi_flash_erase_sector
                0x0000000040083478                spi_flash_write
                0x000000004008364c                spi_flash_read
                0x00000000400838e4                spi_flash_read_encrypted
                0x000000004008392c                spi_flash_write_encrypted
 *fill*         0x0000000040083a3e        0x2 
 .iram1         0x0000000040083a40      0x5c3 /home/tuananh/esp/example/hello_world/build/spi_flash/libspi_flash.a(flash_mmap.o)
                                        0x60f (size before relaxing)
                0x0000000040083b94                spi_flash_mmap_pages
                0x0000000040083dd8                spi_flash_mmap
                0x0000000040083e4c                spi_flash_munmap
                0x0000000040083ef0                spi_flash_mmap_get_free_pages
                0x0000000040083f44                spi_flash_mark_modified_region
                0x0000000040083f90                spi_flash_phys2cache
 *fill*         0x0000000040084003        0x1 
 .iram1         0x0000000040084004      0x39f /home/tuananh/esp/example/hello_world/build/bootloader_support/libbootloader_support.a(bootloader_flash_config.o)
                0x0000000040084004                bootloader_flash_cs_timing_config
                0x0000000040084074                bootloader_flash_clock_config
                0x00000000400840bc                bootloader_flash_gpio_config
                0x00000000400842f8                bootloader_flash_dummy_config
 *fill*         0x00000000400843a3        0x0 
 *fill*         0x00000000400843a3        0x0 
 *fill*         0x00000000400843a3        0x0 
 *fill*         0x00000000400843a3        0x0 
 *fill*         0x00000000400843a3        0x1 
 .iram1         0x00000000400843a4       0x20 /home/tuananh/esp/example/hello_world/build/esp32/libesp32.a(dbg_stubs.o)
 *fill*         0x00000000400843c4        0x0 
 *fill*         0x00000000400843c4        0x0 
 *fill*         0x00000000400843c4        0x0 
 *fill*         0x00000000400843c4        0x0 
 *fill*         0x00000000400843c4        0x0 
 *fill*         0x00000000400843c4        0x0 
 .iram1         0x00000000400843c4       0x2e /home/tuananh/esp/example/hello_world/build/freertos/libfreertos.a(xtensa_vector_defaults.o)
                0x00000000400843c4                xt_debugexception
                0x00000000400843e4                xt_highint5
                0x00000000400843ec                _xt_nmi
                0x00000000400843ec                xt_nmi
 *fill*         0x00000000400843f2        0x0 
 *fill*         0x00000000400843f2        0x0 
 *fill*         0x00000000400843f2        0x0 
 *fill*         0x00000000400843f2        0x0 
 *fill*         0x00000000400843f2        0x0 
 *fill*         0x00000000400843f2        0x0 
 *fill*         0x00000000400843f2        0x0 
 *libfreertos.a:(.literal .text .literal.* .text.*)
 *fill*         0x00000000400843f2        0x2 
 .text.xt_unhandled_interrupt
                0x00000000400843f4       0x16 /home/tuananh/esp/example/hello_world/build/freertos/libfreertos.a(xtensa_intr.o)
                0x00000000400843f4                xt_unhandled_interrupt
 *fill*         0x000000004008440a        0x2 
 .text.xt_set_interrupt_handler
                0x000000004008440c       0x4a /home/tuananh/esp/example/hello_world/build/freertos/libfreertos.a(xtensa_intr.o)
                0x000000004008440c                xt_set_interrupt_handler
 *fill*         0x0000000040084456        0x2 
 .text.prvIsQueueFull
                0x0000000040084458       0x2a /home/tuananh/esp/example/hello_world/build/freertos/libfreertos.a(queue.o)
 *fill*         0x0000000040084482        0x2 
 .text.prvCopyDataToQueue
                0x0000000040084484       0x9e /home/tuananh/esp/example/hello_world/build/freertos/libfreertos.a(queue.o)
 *fill*         0x0000000040084522        0x2 
 .text.prvNotifyQueueSetContainer
                0x0000000040084524       0x77 /home/tuananh/esp/example/hello_world/build/freertos/libfreertos.a(queue.o)
                                         0x8a (size before relaxing)
 *fill*         0x000000004008459b        0x1 
 .text.prvCopyDataFromQueue
                0x000000004008459c       0x24 /home/tuananh/esp/example/hello_world/build/freertos/libfreertos.a(queue.o)
 .text.xQueueGenericReset
                0x00000000400845c0       0x86 /home/tuananh/esp/example/hello_world/build/freertos/libfreertos.a(queue.o)
                                         0x96 (size before relaxing)
                0x00000000400845c0                xQueueGenericReset
 *fill*         0x0000000040084646        0x2 
 .text.prvInitialiseNewQueue
                0x0000000040084648       0x1f /home/tuananh/esp/example/hello_world/build/freertos/libfreertos.a(queue.o)
                                         0x23 (size before relaxing)
 *fill*         0x0000000040084667        0x1 
 .text.xQueueGenericCreate
                0x0000000040084668       0x49 /home/tuananh/esp/example/hello_world/build/freertos/libfreertos.a(queue.o)
                                         0x4d (size before relaxing)
                0x0000000040084668                xQueueGenericCreate
 *fill*         0x00000000400846b1        0x3 
 .text.xQueueGetMutexHolder
                0x00000000400846b4       0x23 /home/tuananh/esp/example/hello_world/build/freertos/libfreertos.a(queue.o)
                0x00000000400846b4                xQueueGetMutexHolder
 *fill*         0x00000000400846d7        0x1 
 .text.xQueueCreateCountingSemaphore
                0x00000000400846d8       0x66 /home/tuananh/esp/example/hello_world/build/freertos/libfreertos.a(queue.o)
                                         0x6a (size before relaxing)
                0x00000000400846d8                xQueueCreateCountingSemaphore
 *fill*         0x000000004008473e        0x2 
 .text.xQueueGenericSend
                0x0000000040084740      0x158 /home/tuananh/esp/example/hello_world/build/freertos/libfreertos.a(queue.o)
                                        0x18c (size before relaxing)
                0x0000000040084740                xQueueGenericSend
 .text.prvInitialiseMutex
                0x0000000040084898       0x22 /home/tuananh/esp/example/hello_world/build/freertos/libfreertos.a(queue.o)
                                         0x26 (size before relaxing)
 *fill*         0x00000000400848ba        0x2 
 .text.xQueueCreateMutex
                0x00000000400848bc       0x16 /home/tuananh/esp/example/hello_world/build/freertos/libfreertos.a(queue.o)
                                         0x1a (size before relaxing)
                0x00000000400848bc                xQueueCreateMutex
 *fill*         0x00000000400848d2        0x2 
 .text.xQueueGiveMutexRecursive
                0x00000000400848d4       0x48 /home/tuananh/esp/example/hello_world/build/freertos/libfreertos.a(queue.o)
                                         0x4c (size before relaxing)
                0x00000000400848d4                xQueueGiveMutexRecursive
 .text.xQueueGenericSendFromISR
                0x000000004008491c       0xd6 /home/tuananh/esp/example/hello_world/build/freertos/libfreertos.a(queue.o)
                                         0xe6 (size before relaxing)
                0x000000004008491c                xQueueGenericSendFromISR
 *fill*         0x00000000400849f2        0x2 
 .text.xQueueGiveFromISR
                0x00000000400849f4       0xb6 /home/tuananh/esp/example/hello_world/build/freertos/libfreertos.a(queue.o)
                                         0xc2 (size before relaxing)
                0x00000000400849f4                xQueueGiveFromISR
 *fill*         0x0000000040084aaa        0x2 
 .text.xQueueGenericReceive
                0x0000000040084aac      0x144 /home/tuananh/esp/example/hello_world/build/freertos/libfreertos.a(queue.o)
                                        0x178 (size before relaxing)
                0x0000000040084aac                xQueueGenericReceive
 .text.xQueueTakeMutexRecursive
                0x0000000040084bf0       0x51 /home/tuananh/esp/example/hello_world/build/freertos/libfreertos.a(queue.o)
                0x0000000040084bf0                xQueueTakeMutexRecursive
 *fill*         0x0000000040084c41        0x3 
 .text.xQueueReceiveFromISR
                0x0000000040084c44       0x96 /home/tuananh/esp/example/hello_world/build/freertos/libfreertos.a(queue.o)
                                         0xa6 (size before relaxing)
                0x0000000040084c44                xQueueReceiveFromISR
 *fill*         0x0000000040084cda        0x2 
 .text.vQueueDelete
                0x0000000040084cdc       0x28 /home/tuananh/esp/example/hello_world/build/freertos/libfreertos.a(queue.o)
                0x0000000040084cdc                vQueueDelete
 .text.vQueueWaitForMessageRestricted
                0x0000000040084d04       0x23 /home/tuananh/esp/example/hello_world/build/freertos/libfreertos.a(queue.o)
                                         0x2a (size before relaxing)
                0x0000000040084d04                vQueueWaitForMessageRestricted
 *fill*         0x0000000040084d27        0x1 
 .text.pxPortInitialiseStack
                0x0000000040084d28       0x86 /home/tuananh/esp/example/hello_world/build/freertos/libfreertos.a(port.o)
                0x0000000040084d28                pxPortInitialiseStack
 *fill*         0x0000000040084dae        0x2 
 .text.xPortStartScheduler
                0x0000000040084db0       0x22 /home/tuananh/esp/example/hello_world/build/freertos/libfreertos.a(port.o)
                                         0x2e (size before relaxing)
                0x0000000040084db0                xPortStartScheduler
 *fill*         0x0000000040084dd2        0x2 
 .text.xPortSysTickHandler
                0x0000000040084dd4       0x10 /home/tuananh/esp/example/hello_world/build/freertos/libfreertos.a(port.o)
                                         0x16 (size before relaxing)
                0x0000000040084dd4                xPortSysTickHandler
 *fill*         0x0000000040084de4        0x0 
 .text.vPortYieldOtherCore
                0x0000000040084de4        0xa /home/tuananh/esp/example/hello_world/build/freertos/libfreertos.a(port.o)
                                          0xe (size before relaxing)
                0x0000000040084de4                vPortYieldOtherCore
 *fill*         0x0000000040084dee        0x2 
 .text.vPortReleaseTaskMPUSettings
                0x0000000040084df0        0xa /home/tuananh/esp/example/hello_world/build/freertos/libfreertos.a(port.o)
                                          0xe (size before relaxing)
                0x0000000040084df0                vPortReleaseTaskMPUSettings
 *fill*         0x0000000040084dfa        0x2 
 .text.xPortInIsrContext
                0x0000000040084dfc       0x26 /home/tuananh/esp/example/hello_world/build/freertos/libfreertos.a(port.o)
                0x0000000040084dfc                xPortInIsrContext
 *fill*         0x0000000040084e22        0x2 
 .text.vPortCPUInitializeMutex
                0x0000000040084e24        0xe /home/tuananh/esp/example/hello_world/build/freertos/libfreertos.a(port.o)
                0x0000000040084e24                vPortCPUInitializeMutex
 *fill*         0x0000000040084e32        0x2 
 .text.vPortCPUAcquireMutex
                0x0000000040084e34       0x81 /home/tuananh/esp/example/hello_world/build/freertos/libfreertos.a(port.o)
                                         0x88 (size before relaxing)
                0x0000000040084e34                vPortCPUAcquireMutex
 *fill*         0x0000000040084eb5        0x3 
 .text.vPortCPUReleaseMutex
                0x0000000040084eb8       0x4d /home/tuananh/esp/example/hello_world/build/freertos/libfreertos.a(port.o)
                                         0x50 (size before relaxing)
                0x0000000040084eb8                vPortCPUReleaseMutex
 *fill*         0x0000000040084f05        0x3 
 .text.prvResetNextTaskUnblockTime
                0x0000000040084f08       0x34 /home/tuananh/esp/example/hello_world/build/freertos/libfreertos.a(tasks.o)
 .text.prvDeleteTLS
                0x0000000040084f3c       0x40 /home/tuananh/esp/example/hello_world/build/freertos/libfreertos.a(tasks.o)
 .text.prvInitialiseNewTask
                0x0000000040084f7c       0xc4 /home/tuananh/esp/example/hello_world/build/freertos/libfreertos.a(tasks.o)
                                         0xd0 (size before relaxing)
 .text.prvInitialiseTaskLists
                0x0000000040085040       0x5a /home/tuananh/esp/example/hello_world/build/freertos/libfreertos.a(tasks.o)
                                         0x6e (size before relaxing)
 *fill*         0x000000004008509a        0x2 
 .text.prvDeleteTCB
                0x000000004008509c       0x56 /home/tuananh/esp/example/hello_world/build/freertos/libfreertos.a(tasks.o)
                                         0x5d (size before relaxing)
 *fill*         0x00000000400850f2        0x2 
 .text.prvAddCurrentTaskToDelayedList
                0x00000000400850f4       0x66 /home/tuananh/esp/example/hello_world/build/freertos/libfreertos.a(tasks.o)
                                         0x6a (size before relaxing)
 *fill*         0x000000004008515a        0x2 
 .text.taskYIELD_OTHER_CORE
                0x000000004008515c       0x53 /home/tuananh/esp/example/hello_world/build/freertos/libfreertos.a(tasks.o)
                0x000000004008515c                taskYIELD_OTHER_CORE
 *fill*         0x00000000400851af        0x1 
 .text.vTaskSuspendAll
                0x00000000400851b0       0x26 /home/tuananh/esp/example/hello_world/build/freertos/libfreertos.a(tasks.o)
                0x00000000400851b0                vTaskSuspendAll
 *fill*         0x00000000400851d6        0x2 
 .text.xTaskGetTickCount
                0x00000000400851d8        0xd /home/tuananh/esp/example/hello_world/build/freertos/libfreertos.a(tasks.o)
                0x00000000400851d8                xTaskGetTickCount
 *fill*         0x00000000400851e5        0x3 
 .text.xTaskGetIdleTaskHandleForCPU
                0x00000000400851e8       0x2a /home/tuananh/esp/example/hello_world/build/freertos/libfreertos.a(tasks.o)
                                         0x2e (size before relaxing)
                0x00000000400851e8                xTaskGetIdleTaskHandleForCPU
 *fill*         0x0000000040085212        0x2 
 .text.vTaskSwitchContext
                0x0000000040085214      0x2a2 /home/tuananh/esp/example/hello_world/build/freertos/libfreertos.a(tasks.o)
                                        0x2ae (size before relaxing)
                0x0000000040085214                vTaskSwitchContext
 *fill*         0x00000000400854b6        0x2 
 .text.vTaskSetTimeOutState
                0x00000000400854b8       0x34 /home/tuananh/esp/example/hello_world/build/freertos/libfreertos.a(tasks.o)
                0x00000000400854b8                vTaskSetTimeOutState
 .text.xTaskGetCurrentTaskHandle
                0x00000000400854ec       0x1f /home/tuananh/esp/example/hello_world/build/freertos/libfreertos.a(tasks.o)
                0x00000000400854ec                xTaskGetCurrentTaskHandle
 *fill*         0x000000004008550b        0x1 
 .text.__getreent
                0x000000004008550c       0x19 /home/tuananh/esp/example/hello_world/build/freertos/libfreertos.a(tasks.o)
                0x000000004008550c                __getreent
 *fill*         0x0000000040085525        0x3 
 .text.pcTaskGetTaskName
                0x0000000040085528       0x2a /home/tuananh/esp/example/hello_world/build/freertos/libfreertos.a(tasks.o)
                                         0x2d (size before relaxing)
                0x0000000040085528                pcTaskGetTaskName
 *fill*         0x0000000040085552        0x2 
 .text.xTaskGetAffinity
                0x0000000040085554       0x10 /home/tuananh/esp/example/hello_world/build/freertos/libfreertos.a(tasks.o)
                                         0x13 (size before relaxing)
                0x0000000040085554                xTaskGetAffinity
 *fill*         0x0000000040085564        0x0 
 .text.xTaskGetCurrentTaskHandleForCPU
                0x0000000040085564       0x17 /home/tuananh/esp/example/hello_world/build/freertos/libfreertos.a(tasks.o)
                0x0000000040085564                xTaskGetCurrentTaskHandleForCPU
 *fill*         0x000000004008557b        0x1 
 .text.xTaskGetSchedulerState
                0x000000004008557c       0x37 /home/tuananh/esp/example/hello_world/build/freertos/libfreertos.a(tasks.o)
                0x000000004008557c                xTaskGetSchedulerState
 *fill*         0x00000000400855b3        0x1 
 .text.vTaskEnterCritical
                0x00000000400855b4       0xac /home/tuananh/esp/example/hello_world/build/freertos/libfreertos.a(tasks.o)
                                         0xb3 (size before relaxing)
                0x00000000400855b4                vTaskEnterCritical
 *fill*         0x0000000040085660        0x0 
 .text.vTaskExitCritical
                0x0000000040085660       0x77 /home/tuananh/esp/example/hello_world/build/freertos/libfreertos.a(tasks.o)
                0x0000000040085660                vTaskExitCritical
 *fill*         0x00000000400856d7        0x1 
 .text.prvAddNewTaskToReadyList
                0x00000000400856d8      0x160 /home/tuananh/esp/example/hello_world/build/freertos/libfreertos.a(tasks.o)
                                        0x173 (size before relaxing)
 *fill*         0x0000000040085838        0x0 
 .text.xTaskCreatePinnedToCore
                0x0000000040085838       0x6e /home/tuananh/esp/example/hello_world/build/freertos/libfreertos.a(tasks.o)
                                         0x76 (size before relaxing)
                0x0000000040085838                xTaskCreatePinnedToCore
 *fill*         0x00000000400858a6        0x2 
 .text.vTaskStartScheduler
                0x00000000400858a8       0x67 /home/tuananh/esp/example/hello_world/build/freertos/libfreertos.a(tasks.o)
                                         0x72 (size before relaxing)
                0x00000000400858a8                vTaskStartScheduler
 *fill*         0x000000004008590f        0x1 
 .text.vTaskDelete
                0x0000000040085910      0x10a /home/tuananh/esp/example/hello_world/build/freertos/libfreertos.a(tasks.o)
                                        0x122 (size before relaxing)
                0x0000000040085910                vTaskDelete
 *fill*         0x0000000040085a1a        0x2 
 .text.vTaskDelay
                0x0000000040085a1c       0x74 /home/tuananh/esp/example/hello_world/build/freertos/libfreertos.a(tasks.o)
                                         0x84 (size before relaxing)
                0x0000000040085a1c                vTaskDelay
 .text.uxTaskPriorityGet
                0x0000000040085a90       0x1c /home/tuananh/esp/example/hello_world/build/freertos/libfreertos.a(tasks.o)
                                         0x23 (size before relaxing)
                0x0000000040085a90                uxTaskPriorityGet
 *fill*         0x0000000040085aac        0x0 
 .text.vTaskPrioritySet
                0x0000000040085aac      0x12d /home/tuananh/esp/example/hello_world/build/freertos/libfreertos.a(tasks.o)
                                        0x143 (size before relaxing)
                0x0000000040085aac                vTaskPrioritySet
 *fill*         0x0000000040085bd9        0x3 
 .text.prvCheckTasksWaitingTermination
                0x0000000040085bdc       0xbe /home/tuananh/esp/example/hello_world/build/freertos/libfreertos.a(tasks.o)
                                         0xc6 (size before relaxing)
 *fill*         0x0000000040085c9a        0x2 
 .text.prvIdleTask
                0x0000000040085c9c        0xf /home/tuananh/esp/example/hello_world/build/freertos/libfreertos.a(tasks.o)
                                         0x18 (size before relaxing)
 *fill*         0x0000000040085cab        0x1 
 .text.xTaskIncrementTick
                0x0000000040085cac      0x19a /home/tuananh/esp/example/hello_world/build/freertos/libfreertos.a(tasks.o)
                                        0x1b2 (size before relaxing)
                0x0000000040085cac                xTaskIncrementTick
 *fill*         0x0000000040085e46        0x2 
 .text.xTaskResumeAll
                0x0000000040085e48      0x17b /home/tuananh/esp/example/hello_world/build/freertos/libfreertos.a(tasks.o)
                                        0x18e (size before relaxing)
                0x0000000040085e48                xTaskResumeAll
 *fill*         0x0000000040085fc3        0x1 
 .text.vTaskPlaceOnEventList
                0x0000000040085fc4       0x8f /home/tuananh/esp/example/hello_world/build/freertos/libfreertos.a(tasks.o)
                                         0xa3 (size before relaxing)
                0x0000000040085fc4                vTaskPlaceOnEventList
 *fill*         0x0000000040086053        0x1 
 .text.vTaskPlaceOnEventListRestricted
                0x0000000040086054       0x6b /home/tuananh/esp/example/hello_world/build/freertos/libfreertos.a(tasks.o)
                                         0x7f (size before relaxing)
                0x0000000040086054                vTaskPlaceOnEventListRestricted
 *fill*         0x00000000400860bf        0x1 
 .text.xTaskRemoveFromEventList
                0x00000000400860c0      0x134 /home/tuananh/esp/example/hello_world/build/freertos/libfreertos.a(tasks.o)
                                        0x143 (size before relaxing)
                0x00000000400860c0                xTaskRemoveFromEventList
 *fill*         0x00000000400861f4        0x0 
 .text.xTaskCheckForTimeOut
                0x00000000400861f4       0x8b /home/tuananh/esp/example/hello_world/build/freertos/libfreertos.a(tasks.o)
                                         0x96 (size before relaxing)
                0x00000000400861f4                xTaskCheckForTimeOut
 *fill*         0x000000004008627f        0x1 
 .text.vTaskPriorityInherit
                0x0000000040086280       0xc4 /home/tuananh/esp/example/hello_world/build/freertos/libfreertos.a(tasks.o)
                                         0xdb (size before relaxing)
                0x0000000040086280                vTaskPriorityInherit
 *fill*         0x0000000040086344        0x0 
 .text.xTaskPriorityDisinherit
                0x0000000040086344       0x97 /home/tuananh/esp/example/hello_world/build/freertos/libfreertos.a(tasks.o)
                                         0xaa (size before relaxing)
                0x0000000040086344                xTaskPriorityDisinherit
 *fill*         0x00000000400863db        0x1 
 .text.pvTaskIncrementMutexHeldCount
                0x00000000400863dc       0x50 /home/tuananh/esp/example/hello_world/build/freertos/libfreertos.a(tasks.o)
                                         0x54 (size before relaxing)
                0x00000000400863dc                pvTaskIncrementMutexHeldCount
 .text.prvGetNextExpireTime
                0x000000004008642c       0x20 /home/tuananh/esp/example/hello_world/build/freertos/libfreertos.a(timers.o)
 .text.prvInsertTimerInActiveList
                0x000000004008644c       0x50 /home/tuananh/esp/example/hello_world/build/freertos/libfreertos.a(timers.o)
                                         0x54 (size before relaxing)
 .text.prvCheckForValidListAndQueue
                0x000000004008649c       0x66 /home/tuananh/esp/example/hello_world/build/freertos/libfreertos.a(timers.o)
                                         0x7e (size before relaxing)
 *fill*         0x0000000040086502        0x2 
 .text.xTimerCreateTimerTask
                0x0000000040086504       0x48 /home/tuananh/esp/example/hello_world/build/freertos/libfreertos.a(timers.o)
                                         0x4c (size before relaxing)
                0x0000000040086504                xTimerCreateTimerTask
 .text.xTimerGenericCommand
                0x000000004008654c       0x55 /home/tuananh/esp/example/hello_world/build/freertos/libfreertos.a(timers.o)
                                         0x5d (size before relaxing)
                0x000000004008654c                xTimerGenericCommand
 *fill*         0x00000000400865a1        0x3 
 .text.prvSwitchTimerLists
                0x00000000400865a4       0x76 /home/tuananh/esp/example/hello_world/build/freertos/libfreertos.a(timers.o)
                                         0x82 (size before relaxing)
 *fill*         0x000000004008661a        0x2 
 .text.prvSampleTimeNow
                0x000000004008661c       0x2b /home/tuananh/esp/example/hello_world/build/freertos/libfreertos.a(timers.o)
                                         0x2f (size before relaxing)
 *fill*         0x0000000040086647        0x1 
 .text.prvProcessExpiredTimer
                0x0000000040086648       0x53 /home/tuananh/esp/example/hello_world/build/freertos/libfreertos.a(timers.o)
                                         0x5f (size before relaxing)
 *fill*         0x000000004008669b        0x1 
 .text.prvProcessTimerOrBlockTask
                0x000000004008669c       0x58 /home/tuananh/esp/example/hello_world/build/freertos/libfreertos.a(timers.o)
                                         0x6c (size before relaxing)
 .text.prvProcessReceivedCommands
                0x00000000400866f4       0xd6 /home/tuananh/esp/example/hello_world/build/freertos/libfreertos.a(timers.o)
                                         0xe6 (size before relaxing)
 *fill*         0x00000000400867ca        0x2 
 .text.prvTimerTask
                0x00000000400867cc       0x15 /home/tuananh/esp/example/hello_world/build/freertos/libfreertos.a(timers.o)
                                         0x1d (size before relaxing)
 *fill*         0x00000000400867e1        0x3 
 .text          0x00000000400867e4      0x12b /home/tuananh/esp/example/hello_world/build/freertos/libfreertos.a(xtensa_context.o)
                0x00000000400867e4                _xt_context_save
                0x000000004008684c                _xt_context_restore
                0x0000000040086890                _xt_coproc_init
                0x00000000400868a4                _xt_coproc_release
                0x00000000400868d0                _xt_coproc_savecs
                0x00000000400868f0                _xt_coproc_restorecs
 *fill*         0x000000004008690f        0x1 
 .text          0x0000000040086910      0x1d0 /home/tuananh/esp/example/hello_world/build/freertos/libfreertos.a(portasm.o)
                0x0000000040086910                _frxt_setup_switch
                0x0000000040086928                _frxt_int_enter
                0x0000000040086970                _frxt_int_exit
                0x00000000400869c0                _frxt_timer_int
                0x00000000400869e8                _frxt_tick_timer_init
                0x0000000040086a00                _frxt_dispatch
                0x0000000040086a48                vPortYield
                0x0000000040086a94                vPortYieldFromInt
                0x0000000040086ab4                _frxt_task_coproc_state
 .text._xt_tick_divisor_init
                0x0000000040086ae0       0x1c /home/tuananh/esp/example/hello_world/build/freertos/libfreertos.a(xtensa_init.o)
                                         0x1f (size before relaxing)
                0x0000000040086ae0                _xt_tick_divisor_init
 *fill*         0x0000000040086afc        0x0 
 *fill*         0x0000000040086afc        0x0 
 *fill*         0x0000000040086afc        0x0 
 .text.prvIsQueueEmpty
                0x0000000040086afc       0x12 /home/tuananh/esp/example/hello_world/build/freertos/libfreertos.a(queue.o)
 *fill*         0x0000000040086b0e        0x0 
 *fill*         0x0000000040086b0e        0x0 
 *fill*         0x0000000040086b0e        0x0 
 *fill*         0x0000000040086b0e        0x0 
 *fill*         0x0000000040086b0e        0x0 
 *fill*         0x0000000040086b0e        0x0 
 *fill*         0x0000000040086b0e        0x0 
 *fill*         0x0000000040086b0e        0x0 
 *fill*         0x0000000040086b0e        0x0 
 *fill*         0x0000000040086b0e        0x0 
 *fill*         0x0000000040086b0e        0x0 
 *fill*         0x0000000040086b0e        0x0 
 *fill*         0x0000000040086b0e        0x0 
 *fill*         0x0000000040086b0e        0x0 
 *fill*         0x0000000040086b0e        0x0 
 *fill*         0x0000000040086b0e        0x2 
 .text.vListInitialise
                0x0000000040086b10       0x15 /home/tuananh/esp/example/hello_world/build/freertos/libfreertos.a(list.o)
                0x0000000040086b10                vListInitialise
 *fill*         0x0000000040086b25        0x3 
 .text.vListInitialiseItem
                0x0000000040086b28        0x9 /home/tuananh/esp/example/hello_world/build/freertos/libfreertos.a(list.o)
                0x0000000040086b28                vListInitialiseItem
 *fill*         0x0000000040086b31        0x3 
 .text.vListInsertEnd
                0x0000000040086b34       0x1b /home/tuananh/esp/example/hello_world/build/freertos/libfreertos.a(list.o)
                0x0000000040086b34                vListInsertEnd
 *fill*         0x0000000040086b4f        0x1 
 .text.vListInsert
                0x0000000040086b50       0x2f /home/tuananh/esp/example/hello_world/build/freertos/libfreertos.a(list.o)
                0x0000000040086b50                vListInsert
 *fill*         0x0000000040086b7f        0x1 
 .text.uxListRemove
                0x0000000040086b80       0x26 /home/tuananh/esp/example/hello_world/build/freertos/libfreertos.a(list.o)
                0x0000000040086b80                uxListRemove
 *fill*         0x0000000040086ba6        0x0 
 *fill*         0x0000000040086ba6        0x0 
 *fill*         0x0000000040086ba6        0x0 
 *fill*         0x0000000040086ba6        0x0 
 *fill*         0x0000000040086ba6        0x2 
 .text.vPortStoreTaskMPUSettings
                0x0000000040086ba8       0x13 /home/tuananh/esp/example/hello_world/build/freertos/libfreertos.a(port.o)
                0x0000000040086ba8                vPortStoreTaskMPUSettings
 *fill*         0x0000000040086bbb        0x0 
 *fill*         0x0000000040086bbb        0x0 
 *fill*         0x0000000040086bbb        0x0 
 *fill*         0x0000000040086bbb        0x0 
 *fill*         0x0000000040086bbb        0x0 
 *fill*         0x0000000040086bbb        0x0 
 *fill*         0x0000000040086bbb        0x0 
 *fill*         0x0000000040086bbb        0x0 
 *fill*         0x0000000040086bbb        0x0 
 *fill*         0x0000000040086bbb        0x0 
 *fill*         0x0000000040086bbb        0x0 
 *fill*         0x0000000040086bbb        0x0 
 *fill*         0x0000000040086bbb        0x0 
 *fill*         0x0000000040086bbb        0x0 
 *fill*         0x0000000040086bbb        0x0 
 *fill*         0x0000000040086bbb        0x0 
 *fill*         0x0000000040086bbb        0x0 
 *fill*         0x0000000040086bbb        0x0 
 *fill*         0x0000000040086bbb        0x0 
 *fill*         0x0000000040086bbb        0x0 
 *fill*         0x0000000040086bbb        0x0 
 *fill*         0x0000000040086bbb        0x0 
 *fill*         0x0000000040086bbb        0x0 
 *fill*         0x0000000040086bbb        0x0 
 *fill*         0x0000000040086bbb        0x0 
 *fill*         0x0000000040086bbb        0x0 
 *fill*         0x0000000040086bbb        0x0 
 *fill*         0x0000000040086bbb        0x0 
 *fill*         0x0000000040086bbb        0x0 
 *fill*         0x0000000040086bbb        0x0 
 *fill*         0x0000000040086bbb        0x0 
 *fill*         0x0000000040086bbb        0x0 
 *fill*         0x0000000040086bbb        0x0 
 *fill*         0x0000000040086bbb        0x0 
 *fill*         0x0000000040086bbb        0x0 
 *fill*         0x0000000040086bbb        0x0 
 *fill*         0x0000000040086bbb        0x0 
 *fill*         0x0000000040086bbb        0x0 
 *fill*         0x0000000040086bbb        0x0 
 *fill*         0x0000000040086bbb        0x0 
 *fill*         0x0000000040086bbb        0x0 
 *fill*         0x0000000040086bbb        0x0 
 *fill*         0x0000000040086bbb        0x1 
 .text          0x0000000040086bbc       0x33 /home/tuananh/esp/example/hello_world/build/freertos/libfreertos.a(xtensa_intr_asm.o)
                0x0000000040086bbc                xt_ints_on
                0x0000000040086bd4                xt_ints_off
 *fill*         0x0000000040086bef        0x0 
 *libheap.a:multi_heap.*(.literal .text .literal.* .text.*)
 *fill*         0x0000000040086bef        0x1 
 .text.get_prev_free_block
                0x0000000040086bf0       0x68 /home/tuananh/esp/example/hello_world/build/heap/libheap.a(multi_heap.o)
                                         0x77 (size before relaxing)
 *fill*         0x0000000040086c58        0x0 
 .text.split_if_necessary
                0x0000000040086c58      0x138 /home/tuananh/esp/example/hello_world/build/heap/libheap.a(multi_heap.o)
                                        0x148 (size before relaxing)
 .text.assert_valid_block
                0x0000000040086d90       0xb0 /home/tuananh/esp/example/hello_world/build/heap/libheap.a(multi_heap.o)
                                         0xb4 (size before relaxing)
 .text.merge_adjacent
                0x0000000040086e40      0x12c /home/tuananh/esp/example/hello_world/build/heap/libheap.a(multi_heap.o)
                                        0x140 (size before relaxing)
 .text.multi_heap_get_allocated_size_impl
                0x0000000040086f6c       0x38 /home/tuananh/esp/example/hello_world/build/heap/libheap.a(multi_heap.o)
                                         0x3c (size before relaxing)
                0x0000000040086f6c                multi_heap_get_allocated_size
                0x0000000040086f6c                multi_heap_get_allocated_size_impl
 .text.multi_heap_malloc_impl
                0x0000000040086fa4      0x110 /home/tuananh/esp/example/hello_world/build/heap/libheap.a(multi_heap.o)
                                        0x120 (size before relaxing)
                0x0000000040086fa4                multi_heap_malloc
                0x0000000040086fa4                multi_heap_malloc_impl
 .text.multi_heap_free_impl
                0x00000000400870b4      0x130 /home/tuananh/esp/example/hello_world/build/heap/libheap.a(multi_heap.o)
                                        0x14c (size before relaxing)
                0x00000000400870b4                multi_heap_free
                0x00000000400870b4                multi_heap_free_impl
 .text.multi_heap_realloc_impl
                0x00000000400871e4      0x258 /home/tuananh/esp/example/hello_world/build/heap/libheap.a(multi_heap.o)
                                        0x274 (size before relaxing)
                0x00000000400871e4                multi_heap_realloc
                0x00000000400871e4                multi_heap_realloc_impl
 *fill*         0x000000004008743c        0x0 
 *fill*         0x000000004008743c        0x0 
 .text.multi_heap_register_impl
                0x000000004008743c       0x51 /home/tuananh/esp/example/hello_world/build/heap/libheap.a(multi_heap.o)
                0x000000004008743c                multi_heap_register_impl